---
source: src/console/util.rs
expression: result
---
30: Thé Ünivęrsïty ôf ẞheƒƒiėld
29: Thé Ünivęrsïty ôf ẞheƒƒiėld
28: Thé Ünivęrsïty ôf ẞheƒƒiėld
27: Thé Ünivęrsïty ôf ẞheƒƒiėld
26: T Ünivęrsïty ôf ẞheƒƒiėld
25: T Ünivęrsïty ôf ẞheƒƒiėld
24: TÜ ôf ẞheƒƒiėld
23: TÜ ôf ẞheƒƒiėld
22: TÜ ôf ẞheƒƒiėld
21: TÜ ôf ẞheƒƒiėld
20: TÜ ôf ẞheƒƒiėld
19: TÜ ôf ẞheƒƒiėld
18: TÜ ôf ẞheƒƒiėld
17: TÜ ôf ẞheƒƒiėld
16: TÜ ôf ẞheƒƒiėld
15: TÜ ôf ẞheƒƒiėld
14: TÜô ẞheƒƒiėld
13: TÜô ẞheƒƒiėld
12: TÜôẞ
11: TÜôẞ
10: TÜôẞ
9: TÜôẞ
8: TÜôẞ
7: TÜôẞ
6: TÜôẞ
5: TÜôẞ
4: TÜôẞ
3: TÜôẞ
2: TÜôẞ
1: TÜôẞ
0: TÜôẞ

