---
source: src/console/util.rs
expression: result
---
30: The University of Sheffield
29: The University of Sheffield
28: The University of Sheffield
27: The University of Sheffield
26: T University of Sheffield
25: T University of Sheffield
24: TU of Sheffield
23: TU of Sheffield
22: TU of Sheffield
21: TU of Sheffield
20: TU of Sheffield
19: TU of Sheffield
18: TU of Sheffield
17: TU of Sheffield
16: TU of Sheffield
15: TU of Sheffield
14: TUo Sheffield
13: TUo Sheffield
12: TUoS
11: TUoS
10: TUoS
9: TUoS
8: TUoS
7: TUoS
6: TUoS
5: TUoS
4: TUoS
3: TUoS
2: TUoS
1: TUoS
0: TUoS

