---
source: src/console/util.rs
expression: result
---
50: /The Invasion of the Tearling/ by Erika Johansen
49: /The Invasion of the Tearling/ by Erika Johansen
48: /The Invasion of the Tearling/ by Erika Johansen
47: /T Invasion of the Tearling/ by Erika Johansen
46: /T Invasion of the Tearling/ by Erika Johansen
45: /TI of the Tearling/ by Erika Johansen
44: /TI of the Tearling/ by Erika Johansen
43: /TI of the Tearling/ by Erika Johansen
42: /TI of the Tearling/ by Erika Johansen
41: /TI of the Tearling/ by Erika Johansen
40: /TI of the Tearling/ by Erika Johansen
39: /TI of the Tearling/ by Erika Johansen
38: /TI of the Tearling/ by Erika Johansen
37: /TIo the Tearling/ by Erika Johansen
36: /TIo the Tearling/ by Erika Johansen
35: /TIot Tearling/ by Erika Johansen
34: /TIot Tearling/ by Erika Johansen
33: /TIot Tearling/ by Erika Johansen
32: /TIotT/ by Erika Johansen
31: /TIotT/ by Erika Johansen
30: /TIotT/ by Erika Johansen
29: /TIotT/ by Erika Johansen
28: /TIotT/ by Erika Johansen
27: /TIotT/ by Erika Johansen
26: /TIotT/ by Erika Johansen
25: /TIotT/ by Erika Johansen
24: /TIotT/b Erika Johansen
23: /TIotT/b Erika Johansen
22: /TIotT/bE Johansen
21: /TIotT/bE Johansen
20: /TIotT/bE Johansen
19: /TIotT/bE Johansen
18: /TIotT/bE Johansen
17: /TIotT/bEJ
16: /TIotT/bEJ
15: /TIotT/bEJ
14: /TIotT/bEJ
13: /TIotT/bEJ
12: /TIotT/bEJ
11: /TIotT/bEJ
10: /TIotT/bEJ
9: /TIotT/bEJ
8: /TIotT/bEJ
7: /TIotT/bEJ
6: /TIotT/bEJ
5: /TIotT/bEJ
4: /TIotT/bEJ
3: /TIotT/bEJ
2: /TIotT/bEJ
1: /TIotT/bEJ
0: /TIotT/bEJ

